#-----------------------------------------------------------
# Vivado v2019.1 (64-bit)
# SW Build 2552052 on Fri May 24 14:49:42 MDT 2019
# IP Build 2548770 on Fri May 24 18:01:18 MDT 2019
# Start of session at: Wed Jul 20 15:55:20 2022
# Process ID: 7656
# Current directory: C:/Users/zy/Desktop/Square_Root
# Command line: vivado.exe -gui_launcher_event rodinguilauncherevent8432 C:\Users\zy\Desktop\Square_Root\Square_Root.xpr
# Log file: C:/Users/zy/Desktop/Square_Root/vivado.log
# Journal file: C:/Users/zy/Desktop/Square_Root\vivado.jou
#-----------------------------------------------------------
start_gui
open_project C:/Users/zy/Desktop/Square_Root/Square_Root.xpr
update_compile_order -fileset sources_1
1
launch_simulation
open_wave_config C:/Users/zy/Desktop/Square_Root/sim_behav.wcfg
source sim.tcl
relaunch_sim
relaunch_sim
relaunch_sim
relaunch_sim
relaunch_sim
relaunch_sim
relaunch_sim
relaunch_sim
relaunch_sim
relaunch_sim
relaunch_sim
relaunch_sim
relaunch_sim
relaunch_sim
relaunch_sim
save_wave_config {C:/Users/zy/Desktop/Square_Root/sim_behav.wcfg}
close_sim
