#-----------------------------------------------------------
# Vivado v2019.1 (64-bit)
# SW Build 2552052 on Fri May 24 14:49:42 MDT 2019
# IP Build 2548770 on Fri May 24 18:01:18 MDT 2019
# Start of session at: Thu Jul 28 09:42:56 2022
# Process ID: 9776
# Current directory: C:/Users/zy/Desktop/Complex_Division_Pipeline
# Command line: vivado.exe -gui_launcher_event rodinguilauncherevent4080 C:\Users\zy\Desktop\Complex_Division_Pipeline\Complex_Division_Pipeline.xpr
# Log file: C:/Users/zy/Desktop/Complex_Division_Pipeline/vivado.log
# Journal file: C:/Users/zy/Desktop/Complex_Division_Pipeline\vivado.jou
#-----------------------------------------------------------
start_gui
oopen_project C:/Users/zy/Desktop/Complex_Division_Pipeline/Complex_Division_Pipeline.xprupdate_compile_order -fileset sources_1
# Disabling source management mode.  This is to allow the top design properties to be set without GUI intervention.
set_property source_mgmt_mode None [current_project]
set_property top Cordic_Divide_Top [current_fileset]
# Re-enabling previously disabled source management mode.
set_property source_mgmt_mode All [current_project]
update_compile_order -fileset sources_1
reset_run synth_1
launch_runs synth_1 -jobs 2
wait_on_run synth_1
reset_run synth_1
